Tentando conectar em localhost:3307 no banco sistema_banheiro...
Sucesso: Conexao estabelecida!
